../Core/Src/main.c:81:5:_write	24	static
../Core/Src/main.c:87:6:LED_Init	8	static
../Core/Src/main.c:92:6:LED_SetMode_Master	8	static
../Core/Src/main.c:97:6:LED_SetConnection_Established	8	static
../Core/Src/main.c:103:6:LED_SetConnection_Lost	8	static
../Core/Src/main.c:109:6:LED_SetTransmission_Success	8	static
../Core/Src/main.c:116:6:LED_SetTransmission_Failed	8	static
../Core/Src/main.c:123:6:LED_Reset_Status	8	static
../Core/Src/main.c:136:5:LoRa_Master_Init	40	static
../Core/Src/main.c:178:5:LoRa_Master_CheckConnection	24	static
../Core/Src/main.c:222:5:LoRa_Master_Transmit_Verified	32	static
../Core/Src/main.c:285:6:LoRa_Reset_And_Reinit	8	static
../Core/Src/main.c:310:5:main	16	static
../Core/Src/main.c:425:6:SystemClock_Config	88	static
../Core/Src/main.c:471:13:MX_GPIO_LEDs_Init	32	static
../Core/Src/main.c:493:6:Error_Handler	8	static,ignoring_inline_asm
