../Core/Src/main.c:92:5:_write	24	static
../Core/Src/main.c:98:6:LED_Init	8	static
../Core/Src/main.c:103:6:LED_SetMode_Slave	8	static
../Core/Src/main.c:108:6:LED_SetConnection_Established	8	static
../Core/Src/main.c:114:6:LED_SetConnection_Lost	8	static
../Core/Src/main.c:120:6:LED_SetReception_Success	8	static
../Core/Src/main.c:127:6:LED_SetReception_Failed	16	static
../Core/Src/main.c:141:6:LED_Reset_Status	8	static
../Core/Src/main.c:153:6:LED_Blink_Error	24	static
../Core/Src/main.c:165:5:LoRa_Slave_Init	40	static
../Core/Src/main.c:207:5:LoRa_Slave_StartRx	16	static
../Core/Src/main.c:229:5:LoRa_Slave_CheckConnection	16	static
../Core/Src/main.c:262:5:LoRa_Slave_CheckReception	24	static
../Core/Src/main.c:320:6:LoRa_Reset_And_Reinit	8	static
../Core/Src/main.c:346:5:main	24	static
../Core/Src/main.c:476:6:SystemClock_Config	88	static
../Core/Src/main.c:522:13:MX_GPIO_LEDs_Init	32	static
../Core/Src/main.c:544:6:Error_Handler	8	static,ignoring_inline_asm
